------------------------------------------------------------
Timing Analyzer Summary
------------------------------------------------------------

Type  : Slow 1200mV 85C Model Setup 'CLOCK_50'
Slack : -22.019
TNS   : -626859.915

Type  : Slow 1200mV 85C Model Hold 'CLOCK_50'
Slack : 0.245
TNS   : 0.000

Type  : Slow 1200mV 85C Model Minimum Pulse Width 'CLOCK_50'
Slack : -3.000
TNS   : -46477.109

Type  : Slow 1200mV 0C Model Setup 'CLOCK_50'
Slack : -20.391
TNS   : -577027.162

Type  : Slow 1200mV 0C Model Hold 'CLOCK_50'
Slack : 0.242
TNS   : 0.000

Type  : Slow 1200mV 0C Model Minimum Pulse Width 'CLOCK_50'
Slack : -3.000
TNS   : -46476.397

Type  : Fast 1200mV 0C Model Setup 'CLOCK_50'
Slack : -9.388
TNS   : -254613.841

Type  : Fast 1200mV 0C Model Hold 'CLOCK_50'
Slack : 0.095
TNS   : 0.000

Type  : Fast 1200mV 0C Model Minimum Pulse Width 'CLOCK_50'
Slack : -3.000
TNS   : -34785.912

------------------------------------------------------------
